<html>
<body>
<pre>
<h1>µVision Build Log</h1>
<h2>Tool Versions:</h2>
IDE-Version: µVision V5.39.0.0
Copyright (C) 2023 ARM Ltd and ARM Germany GmbH. All rights reserved.
License Information: Abolfazl Delavar, Delavar, LIC=BL28G-V3SL8-C2GL6-D5KQC-9PM1F-L6ZIW
 
Tool Versions:
Toolchain:       MDK-ARM Professional  Version: 5.39.0.0
Toolchain Path:  C:\Keil_v5\ARM\ARMCLANG\Bin
C Compiler:      ArmClang.exe V6.21
Assembler:       Armasm.exe V6.21
Linker/Locator:  ArmLink.exe V6.21
Library Manager: ArmAr.exe V6.21
Hex Converter:   FromElf.exe V6.21
CPU DLL:         SARMCM3.DLL V5.39.0.0
Dialog DLL:      DCM.DLL V1.17.5.0
Target DLL:      STLink\ST-LINKIII-KEIL_SWO.dll V3.2.0.0
Dialog DLL:      TCM.DLL V1.56.4.0
 
<h2>Project:</h2>
F:\STM32 projects\GPIO_1\MDK-ARM\GPIO_1.uvprojx
Project File Date:  11/05/2024

<h2>Output:</h2>
*** Using Compiler 'V6.21', folder: 'C:\Keil_v5\ARM\ARMCLANG\Bin'
Build target 'GPIO_1'
compiling main.c...
linking...
Program Size: Code=3344 RO-data=452 RW-data=12 ZI-data=1644  
FromELF: creating hex file...
"GPIO_1\GPIO_1.axf" - 0 Error(s), 0 Warning(s).

<h2>Software Packages used:</h2>

Package Vendor: ARM
                http://www.keil.com/pack/ARM.CMSIS.5.9.0.pack
                ARM::CMSIS@5.9.0
                CMSIS (Common Microcontroller Software Interface Standard)
   * Component: CORE Version: 5.6.0

Package Vendor: Keil
                https://www.keil.com/pack/Keil.STM32F4xx_DFP.2.17.1.pack
                Keil::STM32F4xx_DFP@2.17.1
                STMicroelectronics STM32F4 Series Device Support, Drivers and Examples

<h2>Collection of Component include folders:</h2>
  ./RTE/_GPIO_1
  C:/Users/abolf/AppData/Local/Arm/Packs/ARM/CMSIS/5.9.0/CMSIS/Core/Include
  C:/Users/abolf/AppData/Local/Arm/Packs/Keil/STM32F4xx_DFP/2.17.1/Drivers/CMSIS/Device/ST/STM32F4xx/Include

<h2>Collection of Component Files used:</h2>

   * Component: ARM::CMSIS:CORE@5.6.0
      Include file:  CMSIS/Core/Include/tz_context.h
Build Time Elapsed:  00:00:02
</pre>
</body>
</html>
